cadence=600
retention_recent=7200
retention_hourly=86400
ssh_user=root
ssh_port=22
notify_cmd=/usr/local/bin/seance-notify
node_alpha_nodename=alpha.example.net
node_alpha_mgmt=alpha-mgmt.example.net
node_alpha_heir=bravo
node_alpha_heir2=charlie
node_bravo_nodename=bravo.example.net
node_bravo_mgmt=bravo-mgmt.example.net
node_bravo_heir=charlie
node_bravo_heir2=alpha
node_charlie_nodename=charlie.example.net
node_charlie_mgmt=charlie-mgmt.example.net
node_charlie_heir=alpha
node_charlie_heir2=bravo
guest_web01_cadence=300
guest_web01_heir=charlie
