fleet set cadence 300
fleet default retention_recent 14400
fleet default retention_hourly 172800
fleet set staleness_max 900
fleet default skew_tolerance 120
fleet default debounce 45
fleet default fence_timeout 60
fleet default ssh_user root
fleet default ssh_port 22
fleet unset ssh_extra_opts
fleet runtime standby_root
fleet unset notify_cmd
fleet unset witness
fleet unset carp_interface
fleet unset carp_pass
fleet default auto 0
node n01 nodename n01.example.net
node n01 mgmt n01-mgmt.example.net
node n01 heir n02
node n01 heir2 n03
node n02 nodename n02.example.net
node n02 mgmt n02-mgmt.example.net
node n02 heir n03
node n02 heir2 n04
node n03 nodename n03.example.net
node n03 mgmt n03-mgmt.example.net
node n03 heir n04
node n03 heir2 n05
node n04 nodename n04.example.net
node n04 mgmt n04-mgmt.example.net
node n04 heir n05
node n04 heir2 n06
node n05 nodename n05.example.net
node n05 mgmt n05-mgmt.example.net
node n05 heir n06
node n05 heir2 n07
node n06 nodename n06.example.net
node n06 mgmt n06-mgmt.example.net
node n06 heir n07
node n06 heir2 n08
node n07 nodename n07.example.net
node n07 mgmt n07-mgmt.example.net
node n07 heir n08
node n07 heir2 n09
node n08 nodename n08.example.net
node n08 mgmt n08-mgmt.example.net
node n08 heir n09
node n08 heir2 n10
node n09 nodename n09.example.net
node n09 mgmt n09-mgmt.example.net
node n09 heir n10
node n09 heir2 n11
node n10 nodename n10.example.net
node n10 mgmt n10-mgmt.example.net
node n10 heir n11
node n10 heir2 n12
node n11 nodename n11.example.net
node n11 mgmt n11-mgmt.example.net
node n11 heir n12
node n11 heir2 n13
node n12 nodename n12.example.net
node n12 mgmt n12-mgmt.example.net
node n12 heir n13
node n12 heir2 n14
node n13 nodename n13.example.net
node n13 mgmt n13-mgmt.example.net
node n13 heir n14
node n13 heir2 n15
node n14 nodename n14.example.net
node n14 mgmt n14-mgmt.example.net
node n14 heir n15
node n14 heir2 n16
node n15 nodename n15.example.net
node n15 mgmt n15-mgmt.example.net
node n15 heir n16
node n15 heir2 n17
node n16 nodename n16.example.net
node n16 mgmt n16-mgmt.example.net
node n16 heir n17
node n16 heir2 n18
node n17 nodename n17.example.net
node n17 mgmt n17-mgmt.example.net
node n17 heir n18
node n17 heir2 n19
node n18 nodename n18.example.net
node n18 mgmt n18-mgmt.example.net
node n18 heir n19
node n18 heir2 n20
node n19 nodename n19.example.net
node n19 mgmt n19-mgmt.example.net
node n19 heir n20
node n19 heir2 n21
node n20 nodename n20.example.net
node n20 mgmt n20-mgmt.example.net
node n20 heir n21
node n20 heir2 n22
node n21 nodename n21.example.net
node n21 mgmt n21-mgmt.example.net
node n21 heir n22
node n21 heir2 n23
node n22 nodename n22.example.net
node n22 mgmt n22-mgmt.example.net
node n22 heir n23
node n22 heir2 n24
node n23 nodename n23.example.net
node n23 mgmt n23-mgmt.example.net
node n23 heir n24
node n23 heir2 n25
node n24 nodename n24.example.net
node n24 mgmt n24-mgmt.example.net
node n24 heir n25
node n24 heir2 n26
node n25 nodename n25.example.net
node n25 mgmt n25-mgmt.example.net
node n25 heir n26
node n25 heir2 n27
node n26 nodename n26.example.net
node n26 mgmt n26-mgmt.example.net
node n26 heir n27
node n26 heir2 n28
node n27 nodename n27.example.net
node n27 mgmt n27-mgmt.example.net
node n27 heir n28
node n27 heir2 n29
node n28 nodename n28.example.net
node n28 mgmt n28-mgmt.example.net
node n28 heir n29
node n28 heir2 n30
node n29 nodename n29.example.net
node n29 mgmt n29-mgmt.example.net
node n29 heir n30
node n29 heir2 n31
node n30 nodename n30.example.net
node n30 mgmt n30-mgmt.example.net
node n30 heir n31
node n30 heir2 n32
node n31 nodename n31.example.net
node n31 mgmt n31-mgmt.example.net
node n31 heir n32
node n31 heir2 n33
node n32 nodename n32.example.net
node n32 mgmt n32-mgmt.example.net
node n32 heir n33
node n32 heir2 n34
node n33 nodename n33.example.net
node n33 mgmt n33-mgmt.example.net
node n33 heir n34
node n33 heir2 n35
node n34 nodename n34.example.net
node n34 mgmt n34-mgmt.example.net
node n34 heir n35
node n34 heir2 n36
node n35 nodename n35.example.net
node n35 mgmt n35-mgmt.example.net
node n35 heir n36
node n35 heir2 n37
node n36 nodename n36.example.net
node n36 mgmt n36-mgmt.example.net
node n36 heir n37
node n36 heir2 n38
node n37 nodename n37.example.net
node n37 mgmt n37-mgmt.example.net
node n37 heir n38
node n37 heir2 n39
node n38 nodename n38.example.net
node n38 mgmt n38-mgmt.example.net
node n38 heir n39
node n38 heir2 n40
node n39 nodename n39.example.net
node n39 mgmt n39-mgmt.example.net
node n39 heir n40
node n39 heir2 n01
node n40 nodename n40.example.net
node n40 mgmt n40-mgmt.example.net
node n40 heir n01
node n40 heir2 n02
guest db01 inherited cadence 300
guest db01 inherited staleness_max 900
guest db01 override heir n07
guest db01 override heir2 n19
